../Drivers/STM32WBxx_HAL_Driver/Inc/stm32wbxx_ll_system.h:2223:26:LL_FLASH_GetUDN	4	static
../Drivers/STM32WBxx_HAL_Driver/Inc/stm32wbxx_ll_system.h:2235:26:LL_FLASH_GetDeviceID	4	static
../Drivers/STM32WBxx_HAL_Driver/Inc/stm32wbxx_ll_system.h:2247:26:LL_FLASH_GetSTCompanyID	4	static
../STM32_WPAN/App/app_ble.c:253:6:APP_BLE_Init	80	static
../STM32_WPAN/App/app_ble.c:386:28:SVCCTL_App_Notification	216	static
../STM32_WPAN/App/app_ble.c:868:22:APP_BLE_Get_Client_Connection_Status	16	static
../STM32_WPAN/App/app_ble.c:884:13:Ble_Tl_Init	16	static
../STM32_WPAN/App/app_ble.c:895:13:Ble_Hci_Gap_Gatt_Init	72	static
../STM32_WPAN/App/app_ble.c:1109:13:Scan_Request	16	static
../STM32_WPAN/App/app_ble.c:1142:13:Connect_Request	48	static
../STM32_WPAN/App/app_ble.c:1187:13:Switch_OFF_GPIO	4	static
../STM32_WPAN/App/app_ble.c:1194:16:BleGetBdAddress	32	static
../STM32_WPAN/App/app_ble.c:1251:6:hci_notify_asynch_evt	16	static
../STM32_WPAN/App/app_ble.c:1257:6:hci_cmd_resp_release	16	static
../STM32_WPAN/App/app_ble.c:1263:6:hci_cmd_resp_wait	16	static
../STM32_WPAN/App/app_ble.c:1269:13:BLE_UserEvtRx	24	static
../STM32_WPAN/App/app_ble.c:1289:13:BLE_StatusNot	24	static
../STM32_WPAN/App/app_ble.c:1318:6:SVCCTL_ResumeUserEventFlow	8	static
