../Drivers/STM32WBxx_HAL_Driver/Inc/stm32wbxx_ll_system.h:2223:26:LL_FLASH_GetUDN	4	static
../Drivers/STM32WBxx_HAL_Driver/Inc/stm32wbxx_ll_system.h:2235:26:LL_FLASH_GetDeviceID	4	static
../Drivers/STM32WBxx_HAL_Driver/Inc/stm32wbxx_ll_system.h:2247:26:LL_FLASH_GetSTCompanyID	4	static
../STM32_WPAN/App/app_ble.c:246:6:APP_BLE_Init	80	static
../STM32_WPAN/App/app_ble.c:377:28:SVCCTL_App_Notification	128	static
../STM32_WPAN/App/app_ble.c:785:22:APP_BLE_Get_Client_Connection_Status	16	static
../STM32_WPAN/App/app_ble.c:801:13:Ble_Tl_Init	16	static
../STM32_WPAN/App/app_ble.c:812:13:Ble_Hci_Gap_Gatt_Init	72	static
../STM32_WPAN/App/app_ble.c:1026:13:Scan_Request	16	static
../STM32_WPAN/App/app_ble.c:1059:13:Connect_Request	48	static
../STM32_WPAN/App/app_ble.c:1104:13:Switch_OFF_GPIO	4	static
../STM32_WPAN/App/app_ble.c:1111:16:BleGetBdAddress	32	static
../STM32_WPAN/App/app_ble.c:1168:6:hci_notify_asynch_evt	16	static
../STM32_WPAN/App/app_ble.c:1174:6:hci_cmd_resp_release	16	static
../STM32_WPAN/App/app_ble.c:1180:6:hci_cmd_resp_wait	16	static
../STM32_WPAN/App/app_ble.c:1186:13:BLE_UserEvtRx	24	static
../STM32_WPAN/App/app_ble.c:1206:13:BLE_StatusNot	24	static
../STM32_WPAN/App/app_ble.c:1235:6:SVCCTL_ResumeUserEventFlow	8	static
