../Drivers/STM32WBxx_HAL_Driver/Inc/stm32wbxx_ll_bus.h:364:22:LL_AHB1_GRP1_EnableClock	24	static
../Drivers/STM32WBxx_HAL_Driver/Inc/stm32wbxx_ll_bus.h:539:22:LL_AHB2_GRP1_EnableClock	24	static
../Core/Src/main.c:100:6:Display_Write	16	static
../Core/Src/main.c:107:6:ReadSensors	32	static
../Core/Src/main.c:130:6:Update_Brightness	32	static
../Core/Src/main.c:158:6:Display_Info	88	static
../Core/Src/main.c:209:5:main	48	static
../Core/Src/main.c:303:6:SystemClock_Config	112	static
../Core/Src/main.c:357:6:PeriphCommonClock_Config	88	static
../Core/Src/main.c:381:13:MX_ADC1_Init	32	static
../Core/Src/main.c:447:13:MX_LPUART1_UART_Init	8	static
../Core/Src/main.c:495:13:MX_SPI1_Init	8	static
../Core/Src/main.c:533:13:MX_DMA_Init	8	static
../Core/Src/main.c:555:13:MX_GPIO_Init	32	static
../Core/Src/main.c:608:6:Error_Handler	4	static,ignoring_inline_asm
