../Drivers/STM32WBxx_HAL_Driver/Inc/stm32wbxx_ll_bus.h:364:22:LL_AHB1_GRP1_EnableClock	1
../Drivers/STM32WBxx_HAL_Driver/Inc/stm32wbxx_ll_bus.h:539:22:LL_AHB2_GRP1_EnableClock	1
../Core/Src/main.c:150:6:Display_Write	1
../Core/Src/main.c:157:6:ReadSensors	1
../Core/Src/main.c:180:6:Update_Brightness	3
../Core/Src/main.c:208:6:Display_Nav	10
../Core/Src/main.c:253:6:Display_Info	2
../Core/Src/main.c:302:6:process_instruction	3
../Core/Src/main.c:343:6:Update_Route	4
../Core/Src/main.c:366:5:main	6
../Core/Src/main.c:482:6:SystemClock_Config	3
../Core/Src/main.c:536:6:PeriphCommonClock_Config	2
../Core/Src/main.c:560:13:MX_ADC1_Init	4
../Core/Src/main.c:626:13:MX_LPUART1_UART_Init	5
../Core/Src/main.c:674:13:MX_SPI1_Init	2
../Core/Src/main.c:712:13:MX_DMA_Init	1
../Core/Src/main.c:734:13:MX_GPIO_Init	1
../Core/Src/main.c:787:6:Error_Handler	1
