../Drivers/STM32WBxx_HAL_Driver/Inc/stm32wbxx_ll_bus.h:539:22:LL_AHB2_GRP1_EnableClock	1
../Core/Src/main.c:79:6:Display_Write	1
../Core/Src/main.c:87:8:nmea_to_decimal	3
../Core/Src/main.c:96:6:parse_GPGGA	8
../Core/Src/main.c:121:6:parse_GPRMC	4
../Core/Src/main.c:147:6:HAL_UART_RxCpltCallback	6
../Core/Src/main.c:166:5:main	2
../Core/Src/main.c:318:6:SystemClock_Config	3
../Core/Src/main.c:364:6:PeriphCommonClock_Config	2
../Core/Src/main.c:388:13:MX_LPUART1_UART_Init	5
../Core/Src/main.c:436:13:MX_SPI1_Init	2
../Core/Src/main.c:476:13:MX_GPIO_Init	1
../Core/Src/main.c:530:6:HAL_GPIO_EXTI_Callback	5
../Core/Src/main.c:555:6:Error_Handler	1
