../Core/Src/main.c:161:6:Display_Write	16	static
../Core/Src/main.c:168:6:ReadSensors	8	static
../Core/Src/main.c:176:6:Update_Brightness	32	static
../Core/Src/main.c:204:6:Display_Nav	160	static
../Core/Src/main.c:272:6:Display_Info	88	static
../Core/Src/main.c:324:6:process_instruction	96	static
../Core/Src/main.c:369:6:Update_Route	24	static
../Core/Src/main.c:398:5:main	48	static
../Core/Src/main.c:511:6:SystemClock_Config	96	static
../Core/Src/main.c:563:6:PeriphCommonClock_Config	112	static
../Core/Src/main.c:590:13:MX_ADC1_Init	32	static
../Core/Src/main.c:648:13:MX_I2C1_Init	8	static
../Core/Src/main.c:696:13:MX_LPUART1_UART_Init	8	static
../Core/Src/main.c:730:13:MX_USART1_UART_Init	8	static
../Core/Src/main.c:765:13:MX_USART2_UART_Init	8	static
../Core/Src/main.c:800:13:MX_QUADSPI_Init	8	static
../Core/Src/main.c:835:13:MX_SPI2_Init	8	static
../Core/Src/main.c:875:13:MX_SPI3_Init	8	static
../Core/Src/main.c:915:13:MX_USB_PCD_Init	8	static
../Core/Src/main.c:946:13:MX_DMA_Init	16	static
../Core/Src/main.c:968:13:MX_GPIO_Init	40	static
../Core/Src/main.c:1038:6:Error_Handler	4	static,ignoring_inline_asm
