../Core/Src/main.c:161:6:Display_Write	1
../Core/Src/main.c:168:6:ReadSensors	1
../Core/Src/main.c:176:6:Update_Brightness	3
../Core/Src/main.c:204:6:Display_Nav	13
../Core/Src/main.c:272:6:Display_Info	2
../Core/Src/main.c:324:6:process_instruction	3
../Core/Src/main.c:369:6:Update_Route	5
../Core/Src/main.c:398:5:main	1
../Core/Src/main.c:511:6:SystemClock_Config	4
../Core/Src/main.c:563:6:PeriphCommonClock_Config	2
../Core/Src/main.c:590:13:MX_ADC1_Init	3
../Core/Src/main.c:648:13:MX_I2C1_Init	4
../Core/Src/main.c:696:13:MX_LPUART1_UART_Init	2
../Core/Src/main.c:730:13:MX_USART1_UART_Init	2
../Core/Src/main.c:765:13:MX_USART2_UART_Init	2
../Core/Src/main.c:800:13:MX_QUADSPI_Init	2
../Core/Src/main.c:835:13:MX_SPI2_Init	2
../Core/Src/main.c:875:13:MX_SPI3_Init	2
../Core/Src/main.c:915:13:MX_USB_PCD_Init	2
../Core/Src/main.c:946:13:MX_DMA_Init	1
../Core/Src/main.c:968:13:MX_GPIO_Init	1
../Core/Src/main.c:1038:6:Error_Handler	1
