../Core/Src/main.c:153:6:Display_Write	1
../Core/Src/main.c:160:6:ReadSensors	1
../Core/Src/main.c:175:6:Update_Brightness	3
../Core/Src/main.c:203:6:Display_Nav	13
../Core/Src/main.c:270:6:Display_Info	2
../Core/Src/main.c:322:6:process_instruction	3
../Core/Src/main.c:367:6:Update_Route	5
../Core/Src/main.c:391:5:main	5
../Core/Src/main.c:489:6:SystemClock_Config	4
../Core/Src/main.c:539:13:MX_ADC1_Init	4
../Core/Src/main.c:606:13:MX_SPI2_Init	2
../Core/Src/main.c:646:13:MX_UART4_Init	2
../Core/Src/main.c:681:13:MX_USART2_UART_Init	2
../Core/Src/main.c:714:13:MX_DMA_Init	1
../Core/Src/main.c:736:13:MX_GPIO_Init	1
../Core/Src/main.c:788:6:Error_Handler	1
