../Core/Src/main.c:173:6:ReadSensors	1
../Core/Src/main.c:337:6:process_instruction	3
../Core/Src/main.c:382:6:Update_Route	5
../Core/Src/main.c:401:6:Log_Current_GPS_To_Flash	3
../Core/Src/main.c:430:5:main	11
../Core/Src/main.c:560:6:SystemClock_Config	4
../Core/Src/main.c:616:6:Execute_GPX_Export	12
../Core/Src/main.c:660:6:PeriphCommonClock_Config	2
../Core/Src/main.c:687:13:MX_ADC1_Init	4
../Core/Src/main.c:754:13:MX_CRC_Init	2
../Core/Src/main.c:785:13:MX_QUADSPI_Init	2
../Core/Src/main.c:818:13:MX_UART4_Init	2
../Core/Src/main.c:853:13:MX_USART2_UART_Init	2
../Core/Src/main.c:886:13:MX_DMA_Init	1
../Core/Src/main.c:904:13:MX_GPIO_Init	1
../Core/Src/main.c:939:6:HAL_UART_RxCpltCallback	9
../Core/Src/main.c:980:6:Error_Handler	1
