../Core/Src/main.c:173:6:ReadSensors	8	static
../Core/Src/main.c:337:6:process_instruction	96	static
../Core/Src/main.c:382:6:Update_Route	24	static
../Core/Src/main.c:401:6:Log_Current_GPS_To_Flash	248	static
../Core/Src/main.c:430:5:main	72	static
../Core/Src/main.c:560:6:SystemClock_Config	96	static
../Core/Src/main.c:616:6:Execute_GPX_Export	248	static
../Core/Src/main.c:660:6:PeriphCommonClock_Config	144	static
../Core/Src/main.c:687:13:MX_ADC1_Init	48	static
../Core/Src/main.c:754:13:MX_CRC_Init	8	static
../Core/Src/main.c:785:13:MX_QUADSPI_Init	8	static
../Core/Src/main.c:818:13:MX_UART4_Init	8	static
../Core/Src/main.c:853:13:MX_USART2_UART_Init	8	static
../Core/Src/main.c:886:13:MX_DMA_Init	16	static
../Core/Src/main.c:904:13:MX_GPIO_Init	48	static
../Core/Src/main.c:939:6:HAL_UART_RxCpltCallback	840	static
../Core/Src/main.c:980:6:Error_Handler	4	static,ignoring_inline_asm
